// Jest Snapshot v1, https://goo.gl/fbAQLP

exports[`Favorites Screen should render correctly 1`] = `
<section>
  <h1>
    Favorite meetups
  </h1>
  <ul
    className="list"
  />
</section>
`;
